qid,docno,features
q1,doc1,[1.         0.         0.66666667]
q1,doc3,[ 0.         -1.         -0.66666667]
q1,doc2,[ 1. -1.  0.]
q2,doc5,[ 1. -1.  0.]
q2,doc6,[ 0.         -1.         -0.66666667]
q2,doc4,[1.         0.         0.66666667]
