qid,docno_a,docno_b,_DOC_ID_preferences
q1,doc1,doc1,0.0
q1,doc1,doc3,-1.0
q1,doc1,doc2,-1.0
q1,doc3,doc1,1.0
q1,doc3,doc3,0.0
q1,doc3,doc2,1.0
q1,doc2,doc1,1.0
q1,doc2,doc3,-1.0
q1,doc2,doc2,0.0
q2,doc5,doc5,0.0
q2,doc5,doc6,-1.0
q2,doc5,doc4,1.0
q2,doc6,doc5,1.0
q2,doc6,doc6,0.0
q2,doc6,doc4,1.0
q2,doc4,doc5,-1.0
q2,doc4,doc6,-1.0
q2,doc4,doc4,0.0
